**Summary of Section 1 – Premium Payment**

The policyholder is required to pay the insurance premiums on an annual basis.